Nothing to build in platform 'design_Client1_wrapper'

10:52:45 **** Incremental Build of configuration Debug for project serverClientBasic ****
make all 
make --no-print-directory pre-build
a9-linaro-pre-build-step
' '
make --no-print-directory main-build
'Building file: ../src/echo.c'
'Invoking: ARM v7 gcc compiler'
arm-none-eabi-gcc -Wall -O0 -g3 -c -fmessage-length=0 -MT"src/echo.o" -mcpu=cortex-a9 -mfpu=vfpv3 -mfloat-abi=hard -IC:/Users/DSmac/workspace/design_Client1_wrapper/export/design_Client1_wrapper/sw/design_Client1_wrapper/domain_ps7_cortexa9_0/bspinclude/include -MMD -MP -MF"src/echo.d" -MT"src/echo.o" -o "src/echo.o" "../src/echo.c"
'Finished building: ../src/echo.c'
' '
'Building target: serverClientBasic.elf'
'Invoking: ARM v7 gcc linker'
arm-none-eabi-gcc -mcpu=cortex-a9 -mfpu=vfpv3 -mfloat-abi=hard -Wl,-build-id=none -specs=Xilinx.spec -Wl,-T -Wl,../src/lscript.ld -LC:/Users/DSmac/workspace/design_Client1_wrapper/export/design_Client1_wrapper/sw/design_Client1_wrapper/domain_ps7_cortexa9_0/bsplib/lib -o "serverClientBasic.elf"  ./src/echo.o ./src/i2c_access.o ./src/iic_phyreset.o ./src/main.o ./src/platform.o ./src/platform_mb.o ./src/platform_ppc.o ./src/platform_zynq.o ./src/platform_zynqmp.o ./src/sfp.o ./src/si5324.o   -Wl,--start-group,-lxil,-lgcc,-lc,--end-group -Wl,--start-group,-lxil,-llwip4,-lgcc,-lc,--end-group
'Finished building target: serverClientBasic.elf'
' '
'Invoking: ARM v7 Print Size'
arm-none-eabi-size serverClientBasic.elf  |tee "serverClientBasic.elf.size"
   text	   data	    bss	    dec	    hex	filename
 106376	   3032	31578176	31687584	1e383a0	serverClientBasic.elf
'Finished building: serverClientBasic.elf.size'
' '
10:52:49 **** Incremental Build of configuration Debug for project serverClientBasic_system ****
make all 
Generating bif file for the system project
generate_system_bif.bat 51647 C:/Users/DSmac/workspace/design_Client1_wrapper/export/design_Client1_wrapper/design_Client1_wrapper.xpfm domain_ps7_cortexa9_0 C:/Users/DSmac/workspace/serverClientBasic_system/Debug/system.bif
sdcard_gen --xpfm C:/Users/DSmac/workspace/design_Client1_wrapper/export/design_Client1_wrapper/design_Client1_wrapper.xpfm --sys_config design_Client1_wrapper --bif C:/Users/DSmac/workspace/serverClientBasic_system/Debug/system.bif --bitstream C:/Users/DSmac/workspace/serverClientBasic/_ide/bitstream/design_Client1_wrapper.bit --elf C:/Users/DSmac/workspace/serverClientBasic/Debug/serverClientBasic.elf,ps7_cortexa9_0
creating BOOT.BIN using C:/Users/DSmac/workspace/serverClientBasic/_ide/bitstream/design_Client1_wrapper.bit
Running E:/Xilinx/Vitis/2020.1/bin/bootgen  -image C:/Users/DSmac/workspace/serverClientBasic_system/Debug/sd_card_temp/boot.bif -w -o i BOOT.BIN
